UPPER player action: move b5 a5
5 | R|__|__|__| K|
4 |__|__|__|__|__|
3 |__|__|__|__|__|
2 |__|__|__|__|__|
1 | k| g|__|__|__|
    a  b  c  d  e

Captures UPPER: S B R P
Captures lower: p b s g

lower player is in check!
Available moves:
drop b a2
drop b a3
drop b a4
drop g a2
drop g a3
drop g a4
drop p a2
drop p a3
drop p a4
drop s a2
drop s a3
drop s a4
move a1 b2
lower> 
