UPPER player action: move d2 d1 promoted
5 |__|__|__|__| K|
4 |__|__|__|__|__|
3 |__|__|__|__|__|
2 | g|__|__|__|__|
1 | k|__|__|+G|__|
    a  b  c  d  e

Captures UPPER: S B R P
Captures lower: p r b s

lower> 
