UPPER player action: move b1 a1
5 |__|__|__| K|__|
4 |__|__|__|__|__|
3 | S|__|__|__|__|
2 |__|__|__|__|__|
1 | k|__| r|__|__|
    a  b  c  d  e

Captures UPPER: G S B P
Captures lower: g b r p

Tie game.  Too many moves.
