UPPER player action: move d5 c5 promoted
5 |__|__|+G|__| K|
4 |__|__|__|__|__|
3 | p|__|__|__|__|
2 |__|__|__|__|__|
1 | k|__|__|__|__|
    a  b  c  d  e

Captures UPPER: G S B R
Captures lower: p r b s

lower> 
