--- /Users/khanhnguyen/MiniShogi/test/myOut/doubleCheck.out	2018-02-08 13:47:35.000000000 -0800
+++ /Users/khanhnguyen/MiniShogi/test/Public/doubleCheck.out	2017-10-13 18:44:14.000000000 -0700
@@ -11,9 +11,7 @@
 
 lower player is in check!
 Available moves:
-move b2 a1
 move b2 a2
 move b2 a3
-move b2 b1
 move b2 c3
 lower> 
