--- /Users/khanhnguyen/MiniShogi/test/myOut/goldPromotion.out	2018-02-08 13:47:38.000000000 -0800
+++ /Users/khanhnguyen/MiniShogi/test/Public/goldPromotion.out	2017-10-13 18:56:04.000000000 -0700
@@ -1,12 +1,12 @@
-UPPER player action: move d2 d1 promoted
+UPPER player action: move d2 d1 promote
 5 |__|__|__|__| K|
 4 |__|__|__|__|__|
 3 |__|__|__|__|__|
-2 | g|__|__|__|__|
-1 | k|__|__|+G|__|
+2 | g|__|__| G|__|
+1 | k|__|__|__|__|
     a  b  c  d  e
 
 Captures UPPER: S B R P
 Captures lower: p r b s
 
-lower> 
+lower player wins.  Illegal move.
