--- /Users/khanhnguyen/MiniShogi/test/myOut/kingPromotion.out	2018-02-08 13:47:39.000000000 -0800
+++ /Users/khanhnguyen/MiniShogi/test/Public/kingPromotion.out	2017-10-13 23:24:52.000000000 -0700
@@ -1,6 +1,6 @@
-lower player action: move a4 a5 promoted
-5 |+k|__|__|__| K|
-4 |__|__|__|__|__|
+lower player action: move a4 a5 promote
+5 |__|__|__|__| K|
+4 | k|__|__|__|__|
 3 |__|__|__|__|__|
 2 |__|__|__|__|__|
 1 |__|__|__|__|__|
@@ -9,4 +9,4 @@
 Captures UPPER: G S B R P
 Captures lower: p r b s g
 
-UPPER> 
+UPPER player wins.  Illegal move.
