--- /Users/khanhnguyen/MiniShogi/test/myOut/loseOnLastMove.out	2018-02-08 13:47:39.000000000 -0800
+++ /Users/khanhnguyen/MiniShogi/test/Public/loseOnLastMove.out	2017-10-13 23:26:54.000000000 -0700
@@ -1,4 +1,4 @@
-UPPER player action: move b1 a1
+UPPER player action: move d5 a1
 5 |__|__|__| K|__|
 4 |__|__|__|__|__|
 3 | S|__|__|__|__|
@@ -9,4 +9,4 @@
 Captures UPPER: G S B P
 Captures lower: g b r p
 
-Tie game.  Too many moves.
+lower player wins.  Illegal move.
