--- /Users/khanhnguyen/MiniShogi/test/myOut/lowerIllegalPromotion.out	2018-02-08 13:47:40.000000000 -0800
+++ /Users/khanhnguyen/MiniShogi/test/Public/lowerIllegalPromotion.out	2017-10-13 23:29:08.000000000 -0700
@@ -1,12 +1,12 @@
-lower player action: move b1 c1 promoted
+lower player action: move b1 c1 promote
 5 |__|__|__| G| K|
 4 |__|__|__|__|__|
 3 |__|__|__|__|__|
 2 |__|__|__|__|__|
-1 | k|__|+g|__|__|
+1 | k| g|__|__|__|
     a  b  c  d  e
 
 Captures UPPER: S B R P
 Captures lower: p r b s
 
-UPPER> 
+UPPER player wins.  Illegal move.
