--- /Users/khanhnguyen/MiniShogi/test/myOut/manyWaysOutOfCheck.out	2018-02-08 13:47:40.000000000 -0800
+++ /Users/khanhnguyen/MiniShogi/test/Public/manyWaysOutOfCheck.out	2017-10-13 23:30:10.000000000 -0700
@@ -17,6 +17,7 @@
 drop p e2
 drop p e3
 drop p e4
+move a4 e4
 move c3 e1
 move e5 d4
 move e5 d5
