--- /Users/khanhnguyen/MiniShogi/test/myOut/mateWithDrop.out	2018-02-08 13:47:40.000000000 -0800
+++ /Users/khanhnguyen/MiniShogi/test/Public/mateWithDrop.out	2017-10-13 23:32:32.000000000 -0700
@@ -1,12 +1,12 @@
 lower player action: drop g e4
 5 | R|__|__|__| K|
-4 |__|__|__|__|__|
+4 |__|__|__|__| g|
 3 |__|__|__|__| s|
 2 |__|__|__|__|__|
 1 |__| k|__|__|__|
     a  b  c  d  e
 
 Captures UPPER: B R P G
-Captures lower: p b s g
+Captures lower: p b s
 
-UPPER player wins.  Illegal move.
+lower player wins.  Checkmate.
