--- /Users/khanhnguyen/MiniShogi/test/myOut/promoteWithinZone.out	2018-02-08 13:47:42.000000000 -0800
+++ /Users/khanhnguyen/MiniShogi/test/Public/promoteWithinZone.out	2017-10-13 23:50:32.000000000 -0700
@@ -1,4 +1,4 @@
-UPPER player action: move d1 e1 promoted
+UPPER player action: move d1 e1 promote
 5 |+r|__|__|__|__|
 4 |__|__|__|__|__|
 3 | k|__|__|__| K|
