--- /Users/khanhnguyen/MiniShogi/test/myOut/promotedSilverPromotion.out	2018-02-08 13:47:46.000000000 -0800
+++ /Users/khanhnguyen/MiniShogi/test/Public/promotedSilverPromotion.out	2017-10-13 23:45:42.000000000 -0700
@@ -1,4 +1,4 @@
-lower player action: move c4 c5 promoted
+lower player action: move c4 c5 promote
 5 |__|__|+S|__| K|
 4 |__|__|+s|__|__|
 3 |__|__|__|__|__|
