--- /Users/khanhnguyen/MiniShogi/test/myOut/tieGame.out	2018-02-08 13:47:49.000000000 -0800
+++ /Users/khanhnguyen/MiniShogi/test/Public/tieGame.out	2017-10-13 23:53:32.000000000 -0700
@@ -1,6 +1,6 @@
-UPPER player action: move a2 a1
-5 |__|__|__|__|__|
-4 |__|__|__|__| K|
+UPPER player action: move e4 e5
+5 |__|__|__|__| K|
+4 |__|__|__|__|__|
 3 |__|__|__|__|__|
 2 |__|__|__|__|__|
 1 | k|__|__|__|__|
