--- /Users/khanhnguyen/MiniShogi/test/myOut/upperIllegalPromotion.out	2018-02-08 13:47:50.000000000 -0800
+++ /Users/khanhnguyen/MiniShogi/test/Public/upperIllegalPromotion.out	2017-10-13 23:55:28.000000000 -0700
@@ -1,5 +1,5 @@
-UPPER player action: move d5 c5 promoted
-5 |__|__|+G|__| K|
+UPPER player action: move d5 c5 promote
+5 |__|__|__| G| K|
 4 |__|__|__|__|__|
 3 | p|__|__|__|__|
 2 |__|__|__|__|__|
@@ -9,4 +9,4 @@
 Captures UPPER: G S B R
 Captures lower: p r b s
 
-lower> 
+lower player wins.  Illegal move.
