--- /Users/khanhnguyen/MiniShogi/test/myOut/winOnLastMove.out	2018-02-08 13:47:50.000000000 -0800
+++ /Users/khanhnguyen/MiniShogi/test/Public/winOnLastMove.out	2017-10-13 23:56:28.000000000 -0700
@@ -1,12 +1,12 @@
-UPPER player action: move b1 a1
+UPPER player action: drop g a2
 5 |__|__|__| K|__|
 4 |__|__|__|__|__|
 3 | S|__|__|__|__|
-2 |__|__|__|__|__|
+2 | G|__|__|__|__|
 1 | k|__| r|__|__|
     a  b  c  d  e
 
-Captures UPPER: G S B P
+Captures UPPER: S B P
 Captures lower: g b r p
 
-Tie game.  Too many moves.
+UPPER player wins.  Checkmate.
